// Jest Snapshot v1, https://goo.gl/fbAQLP

exports[`<TopToolbar /> should render correctly 1`] = `
<div
  className=""
>
  <styled.div
    className="pf-u-pt-lg pf-u-pr-lg pf-u-pl-lg "
  >
    <div
      className="pf-u-mb-md"
    >
       
      <CatalogBreadcrumbs
        breadcrumbfragments={Array []}
      />
    </div>
    <div>
      Children
    </div>
  </styled.div>
</div>
`;
