// Jest Snapshot v1, https://goo.gl/fbAQLP

exports[`<Request /> should render correctly 1`] = `
<Request
  indexpath={
    Object {
      "approve": "/request/approve",
      "comment": "/request/comment",
      "deny": "/request/deny",
      "index": "/request",
    }
  }
  isExpanded={false}
  item={
    Object {
      "actions": Array [
        Object {
          "comments": null,
          "id": "1",
          "operation": "start",
          "processed_by": "system",
        },
        Object {
          "comments": null,
          "id": "2",
          "operation": "notify",
          "processed_by": "system",
        },
      ],
      "group_name": "Group1",
      "id": "111",
      "metadata": Object {
        "user_capabilities": Object {
          "approve": true,
          "deny": true,
        },
      },
      "state": "no-state",
    }
  }
  toggleExpand={[MockFunction]}
>
  <DataListItem
    aria-labelledby="check-request-111"
    className=""
    id=""
    isExpanded={false}
    key="request-111"
  >
    <li
      aria-labelledby="check-request-111"
      className="pf-c-data-list__item"
      id=""
    >
      <DataListItemRow
        key=".0"
        rowid="check-request-111"
      >
        <div
          className="pf-c-data-list__item-row"
        >
          <DataListToggle
            aria-label="Toggle details for"
            aria-labelledby="request-111 request-111"
            id="request-111"
            isExpanded={false}
            key=".0"
            onClick={[Function]}
            rowid="check-request-111"
          >
            <div
              aria-labelledby="request-111 request-111"
              className="pf-c-data-list__item-control"
              onClick={[Function]}
            >
              <div
                className="pf-c-data-list__toggle"
              >
                <Button
                  aria-controls={false}
                  aria-expanded={false}
                  aria-label="Toggle details for"
                  aria-labelledby={null}
                  id="request-111"
                  variant="plain"
                >
                  <ButtonBase
                    aria-controls={false}
                    aria-expanded={false}
                    aria-label="Toggle details for"
                    aria-labelledby={null}
                    id="request-111"
                    innerRef={null}
                    variant="plain"
                  >
                    <button
                      aria-controls={false}
                      aria-disabled={false}
                      aria-expanded={false}
                      aria-label="Toggle details for"
                      aria-labelledby={null}
                      className="pf-c-button pf-m-plain"
                      data-ouia-component-id="OUIA-Generated-Button-plain-1"
                      data-ouia-component-type="PF4/Button"
                      data-ouia-safe={true}
                      disabled={false}
                      id="request-111"
                      role={null}
                      type="button"
                    >
                      <div
                        className="pf-c-data-list__toggle-icon"
                      >
                        <AngleRightIcon
                          color="currentColor"
                          noVerticalAlign={false}
                          size="sm"
                        >
                          <svg
                            aria-hidden={true}
                            aria-labelledby={null}
                            fill="currentColor"
                            height="1em"
                            role="img"
                            style={
                              Object {
                                "verticalAlign": "-0.125em",
                              }
                            }
                            viewBox="0 0 256 512"
                            width="1em"
                          >
                            <path
                              d="M224.3 273l-136 136c-9.4 9.4-24.6 9.4-33.9 0l-22.6-22.6c-9.4-9.4-9.4-24.6 0-33.9l96.4-96.4-96.4-96.4c-9.4-9.4-9.4-24.6 0-33.9L54.3 103c9.4-9.4 24.6-9.4 33.9 0l136 136c9.5 9.4 9.5 24.6.1 34z"
                            />
                          </svg>
                        </AngleRightIcon>
                      </div>
                    </button>
                  </ButtonBase>
                </Button>
              </div>
            </div>
          </DataListToggle>
          <DataListItemCells
            dataListCells={
              Array [
                <DataListCell>
                  <span
                    id="111-name"
                  >
                    Group1
                  </span>
                </DataListCell>,
                <DataListCell>
                  <span
                    id="111-state"
                    style={
                      Object {
                        "textTransform": "capitalize",
                      }
                    }
                  >
                    no-state
                  </span>
                </DataListCell>,
                <DataListCell>
                  <RequestActions
                    approveLink="/request/approve"
                    canApproveDeny={true}
                    canComment={true}
                    commentLink="/request/comment"
                    denyLink="/request/deny"
                    request={
                      Object {
                        "actions": Array [
                          Object {
                            "comments": null,
                            "id": "1",
                            "operation": "start",
                            "processed_by": "system",
                          },
                          Object {
                            "comments": null,
                            "id": "2",
                            "operation": "notify",
                            "processed_by": "system",
                          },
                        ],
                        "group_name": "Group1",
                        "id": "111",
                        "metadata": Object {
                          "user_capabilities": Object {
                            "approve": true,
                            "deny": true,
                          },
                        },
                        "state": "no-state",
                      }
                    }
                  />
                </DataListCell>,
              ]
            }
            key=".1"
            rowid="check-request-111"
          >
            <div
              className="pf-c-data-list__item-content"
            >
              <DataListCell
                key="111"
              >
                <div
                  className="pf-c-data-list__cell"
                >
                  <span
                    id="111-name"
                  >
                    Group1
                  </span>
                </div>
              </DataListCell>
              <DataListCell
                key="111-state"
              >
                <div
                  className="pf-c-data-list__cell"
                >
                  <span
                    id="111-state"
                    style={
                      Object {
                        "textTransform": "capitalize",
                      }
                    }
                  >
                    no-state
                  </span>
                </div>
              </DataListCell>
              <DataListCell
                key="111-action"
              >
                <div
                  className="pf-c-data-list__cell"
                >
                  <RequestActions
                    approveLink="/request/approve"
                    canApproveDeny={true}
                    canComment={true}
                    commentLink="/request/comment"
                    denyLink="/request/deny"
                    request={
                      Object {
                        "actions": Array [
                          Object {
                            "comments": null,
                            "id": "1",
                            "operation": "start",
                            "processed_by": "system",
                          },
                          Object {
                            "comments": null,
                            "id": "2",
                            "operation": "notify",
                            "processed_by": "system",
                          },
                        ],
                        "group_name": "Group1",
                        "id": "111",
                        "metadata": Object {
                          "user_capabilities": Object {
                            "approve": true,
                            "deny": true,
                          },
                        },
                        "state": "no-state",
                      }
                    }
                  >
                    <div
                      style={
                        Object {
                          "display": "flex",
                        }
                      }
                    >
                      <Link
                        id="comment-111"
                        to={
                          Object {
                            "pathname": "/request/comment",
                            "search": "request=111",
                          }
                        }
                      >
                        <LinkAnchor
                          href="/request/comment?request=111"
                          id="comment-111"
                          navigate={[Function]}
                        >
                          <a
                            href="/request/comment?request=111"
                            id="comment-111"
                            onClick={[Function]}
                          >
                            <Button
                              aria-label="Comment"
                              ouiaId="comment-request-111"
                              variant="secondary"
                            >
                              <ButtonBase
                                aria-label="Comment"
                                innerRef={null}
                                ouiaId="comment-request-111"
                                variant="secondary"
                              >
                                <button
                                  aria-disabled={false}
                                  aria-label="Comment"
                                  className="pf-c-button pf-m-secondary"
                                  data-ouia-component-id="comment-request-111"
                                  data-ouia-component-type="PF4/Button"
                                  data-ouia-safe={true}
                                  disabled={false}
                                  role={null}
                                  type="button"
                                >
                                  Comment
                                </button>
                              </ButtonBase>
                            </Button>
                          </a>
                        </LinkAnchor>
                      </Link>
                    </div>
                  </RequestActions>
                </div>
              </DataListCell>
            </div>
          </DataListItemCells>
        </div>
      </DataListItemRow>
      <DataListContent
        aria-label="Request Content Details"
        isHidden={true}
        key=".1"
        rowid="check-request-111"
      >
        <section
          aria-label="Request Content Details"
          className="pf-c-data-list__expandable-content"
          hidden={true}
          id=""
        >
          <div
            className="pf-c-data-list__expandable-content-body"
          >
            <Stack
              hasGutter={true}
            >
              <div
                className="pf-l-stack pf-m-gutter"
              >
                <StackItem>
                  <div
                    className="pf-l-stack__item"
                  >
                    <TextContent
                      component="h6"
                    >
                      <div
                        className="pf-c-content"
                        component="h6"
                      >
                        <ActionTranscript
                          actionList={
                            Array [
                              Object {
                                "comments": null,
                                "id": "1",
                                "operation": "start",
                                "processed_by": "system",
                              },
                              Object {
                                "comments": null,
                                "id": "2",
                                "operation": "notify",
                                "processed_by": "system",
                              },
                            ]
                          }
                        >
                          <Stack>
                            <div
                              className="pf-l-stack"
                            >
                              <div
                                key="1-action"
                              >
                                <TextContent>
                                  <div
                                    className="pf-c-content"
                                  >
                                    <Text
                                      className="pf-u-mb-0"
                                      component="small"
                                      key="1-action-created_at"
                                    >
                                      <small
                                        className="pf-u-mb-0"
                                        data-ouia-component-id="OUIA-Generated-Text-1"
                                        data-ouia-component-type="PF4/Text"
                                        data-ouia-safe={true}
                                        data-pf-content={true}
                                      >
                                        <span>
                                          <DateFormat
                                            type="relative"
                                          >
                                            Invalid date
                                          </DateFormat>
                                        </span>
                                      </small>
                                    </Text>
                                    <Text
                                      className="pf-u-mb-md"
                                      key="1-action-operation"
                                    >
                                      <p
                                        className="pf-u-mb-md"
                                        data-ouia-component-id="OUIA-Generated-Text-2"
                                        data-ouia-component-type="PF4/Text"
                                        data-ouia-safe={true}
                                        data-pf-content={true}
                                      >
                                        <OnRunningIcon
                                          color="currentColor"
                                          noVerticalAlign={false}
                                          size="sm"
                                        >
                                          <svg
                                            aria-hidden={true}
                                            aria-labelledby={null}
                                            fill="currentColor"
                                            height="1em"
                                            role="img"
                                            style={
                                              Object {
                                                "verticalAlign": "-0.125em",
                                              }
                                            }
                                            viewBox="0 0 1024 1024"
                                            width="1em"
                                          >
                                            <path
                                              d="M512.1,895.9 C300.3,895.9 128.1,723.8 128.1,511.9 C128.1,300.2 300.3,127.9 512.1,127.9 C723.9,127.9 896,300.2 896.100043,511.9 C896.2,723.6 723.8,895.9 512.1,895.9 M512.1,0 C229.7,0 0,229.7 0,512 C0,794.3 229.7,1024 512.1,1024 C794.3,1024 1024,794.3 1024,512 C1024,229.7 794.3,0 512.1,0 M716.3,482.9 C710,495.2 575.5,679.5 493.7,782.4 C478,800.2 463.4,794.2 457.3,790.3 C443.9,781.4 443.1,771.7 451,745 C458.9,718.3 494.1,576 494.1,576 L341.3,576 C328.2,576.2 312.2,576.2 307.1,563.8 C302.2,552 306.9,541.2 314.4,530.8 C370,453.5 508.1,264.9 508.1,264.9 C508.1,264.9 527.2,239.7 541.4,238.3 C554.4,237 562.9,240.5 567,249.6 C572.1,260.2 570.4,272.9 566.8,286.9 C563.5,300 526.4,448 526.4,448 L695.3,448 C702.6,448 711.5,449.4 717.4,457 C723.3,464.6 719.5,477 716.3,482.9"
                                            />
                                          </svg>
                                        </OnRunningIcon>
                                         
                                        Started by system
                                      </p>
                                    </Text>
                                  </div>
                                </TextContent>
                              </div>
                              <div
                                key="2-action"
                              >
                                <TextContent>
                                  <div
                                    className="pf-c-content"
                                  >
                                    <Text
                                      className="pf-u-mb-0"
                                      component="small"
                                      key="2-action-created_at"
                                    >
                                      <small
                                        className="pf-u-mb-0"
                                        data-ouia-component-id="OUIA-Generated-Text-3"
                                        data-ouia-component-type="PF4/Text"
                                        data-ouia-safe={true}
                                        data-pf-content={true}
                                      >
                                        <span>
                                          <DateFormat
                                            type="relative"
                                          >
                                            Invalid date
                                          </DateFormat>
                                        </span>
                                      </small>
                                    </Text>
                                    <Text
                                      className="pf-u-mb-md"
                                      key="2-action-operation"
                                    >
                                      <p
                                        className="pf-u-mb-md"
                                        data-ouia-component-id="OUIA-Generated-Text-4"
                                        data-ouia-component-type="PF4/Text"
                                        data-ouia-safe={true}
                                        data-pf-content={true}
                                      >
                                        <EnvelopeIcon
                                          color="currentColor"
                                          noVerticalAlign={false}
                                          size="sm"
                                        >
                                          <svg
                                            aria-hidden={true}
                                            aria-labelledby={null}
                                            fill="currentColor"
                                            height="1em"
                                            role="img"
                                            style={
                                              Object {
                                                "verticalAlign": "-0.125em",
                                              }
                                            }
                                            viewBox="0 0 512 512"
                                            width="1em"
                                          >
                                            <path
                                              d="M502.3 190.8c3.9-3.1 9.7-.2 9.7 4.7V400c0 26.5-21.5 48-48 48H48c-26.5 0-48-21.5-48-48V195.6c0-5 5.7-7.8 9.7-4.7 22.4 17.4 52.1 39.5 154.1 113.6 21.1 15.4 56.7 47.8 92.2 47.6 35.7.3 72-32.8 92.3-47.6 102-74.1 131.6-96.3 154-113.7zM256 320c23.2.4 56.6-29.2 73.4-41.4 132.7-96.3 142.8-104.7 173.4-128.7 5.8-4.5 9.2-11.5 9.2-18.9v-19c0-26.5-21.5-48-48-48H48C21.5 64 0 85.5 0 112v19c0 7.4 3.4 14.3 9.2 18.9 30.6 23.9 40.7 32.4 173.4 128.7 16.8 12.2 50.2 41.8 73.4 41.4z"
                                            />
                                          </svg>
                                        </EnvelopeIcon>
                                         
                                        Notified by system
                                      </p>
                                    </Text>
                                  </div>
                                </TextContent>
                              </div>
                            </div>
                          </Stack>
                        </ActionTranscript>
                      </div>
                    </TextContent>
                  </div>
                </StackItem>
              </div>
            </Stack>
          </div>
        </section>
      </DataListContent>
    </li>
  </DataListItem>
</Request>
`;
